Loading required package: GenomicRanges
Loading required package: stats4
Loading required package: BiocGenerics
Loading required package: generics

Attaching package: ‘generics’

The following objects are masked from ‘package:base’:

    as.difftime, as.factor, as.ordered, intersect, is.element, setdiff,
    setequal, union


Attaching package: ‘BiocGenerics’

The following objects are masked from ‘package:stats’:

    IQR, mad, sd, var, xtabs

The following objects are masked from ‘package:base’:

    anyDuplicated, aperm, append, as.data.frame, basename, cbind,
    colnames, dirname, do.call, duplicated, eval, evalq, Filter, Find,
    get, grep, grepl, is.unsorted, lapply, Map, mapply, match, mget,
    order, paste, pmax, pmax.int, pmin, pmin.int, Position, rank,
    rbind, Reduce, rownames, sapply, saveRDS, table, tapply, unique,
    unsplit, which.max, which.min

Loading required package: S4Vectors

Attaching package: ‘S4Vectors’

The following object is masked from ‘package:utils’:

    findMatches

The following objects are masked from ‘package:base’:

    expand.grid, I, unname

Loading required package: IRanges
Loading required package: Seqinfo


========================================
rGREAT version 2.12.2
Bioconductor page: http://bioconductor.org/packages/rGREAT/
Github page: https://github.com/jokergoo/rGREAT

If you use it in published research, please cite:
Gu, Z. rGREAT: an R/Bioconductor package for functional enrichment 
  on genomic regions. Bioinformatics 2023.

This message can be suppressed by:
  suppressPackageStartupMessages(library(rGREAT))

Note: On Aug 19 2019 GREAT released version 4 where it supports `hg38`
genome and removes some ontologies such pathways. `submitGreatJob()`
still takes `hg19` as default. `hg38` can be specified by the `genome
= 'hg38'` argument. To use the older versions such as 3.0.0, specify as
`submitGreatJob(..., version = '3.0.0')`.

From rGREAT version 1.99.0, it also implements the GREAT algorithm and
it allows to integrate GREAT analysis with the Bioconductor annotation
ecosystem. By default it supports more than 500 organisms. Check the
new function `great()` and the new vignette.
========================================

Loading required package: GenomicFeatures
Loading required package: AnnotationDbi
Loading required package: Biobase
Welcome to Bioconductor

    Vignettes contain introductory material; view with
    'browseVignettes()'. To cite Bioconductor, see
    'citation("Biobase")', and for packages 'citation("pkgname")'.

* TSS source: TxDb.
* check whether TxDb package 'TxDb.Hsapiens.UCSC.hg38.knownGene' is installed.
* gene ID type in the extended TSS is 'Entrez Gene ID'.
* restrict chromosomes to 'chr1, chr2, chr3, chr4, chr5, chr6, chr7, chr8, chr9, chr10,
    chr11, chr12, chr13, chr14, chr15, chr16, chr17, chr18, chr19, chr20, chr21, chr22, chrX,
    chrY, chrM'.
* 18193/35161 protein-coding genes left.
* update seqinfo to the selected chromosomes.
* TSS extension mode is 'basalPlusExt'.
* construct the basal domains by extending 5000bp to upstream and 1000bp to downsteram of TSS.
* calculate distances to neighbour regions.
* extend to both sides until reaching the neighbour genes or to the maximal extension.
* use GO:BP ontology with 15046 gene sets (source: org.Hs.eg.db).
* check gene ID type in `gene_sets` and in `extended_tss`.
* use self-defined background regions.
* remove excluded regions from background.
* overlap `gr` to background regions (based on midpoint).
* in total 500 `gr`.
* overlap extended TSS to background regions.
* check which genes are in the gene sets.
* only take gene sets with size >= 5.
* in total 8878 gene sets.
* overlap `gr` to every extended TSS.
* perform binomial test for each biological term.
* TSS source: TxDb.
* extended_tss is already cached, directly use it.
* use GO:BP ontology with 15046 gene sets (source: org.Hs.eg.db).
* check gene ID type in `gene_sets` and in `extended_tss`.
* use self-defined background regions.
* remove excluded regions from background.
* overlap `gr` to background regions (based on midpoint).
* in total 500 `gr`.
* overlap extended TSS to background regions.
* check which genes are in the gene sets.
* only take gene sets with size >= 5.
* in total 8878 gene sets.
* overlap `gr` to every extended TSS.
* perform binomial test for each biological term.
* TSS source: TxDb.
* extended_tss is already cached, directly use it.
* use GO:BP ontology with 15046 gene sets (source: org.Hs.eg.db).
* check gene ID type in `gene_sets` and in `extended_tss`.
* use self-defined background regions.
* remove excluded regions from background.
* overlap `gr` to background regions (based on midpoint).
* in total 318 `gr`.
* overlap extended TSS to background regions.
* check which genes are in the gene sets.
* only take gene sets with size >= 5.
* in total 8878 gene sets.
* overlap `gr` to every extended TSS.
* perform binomial test for each biological term.
* TSS source: TxDb.
* extended_tss is already cached, directly use it.
* use GO:BP ontology with 15046 gene sets (source: org.Hs.eg.db).
* check gene ID type in `gene_sets` and in `extended_tss`.
* use self-defined background regions.
* remove excluded regions from background.
* overlap `gr` to background regions (based on midpoint).
* in total 500 `gr`.
* overlap extended TSS to background regions.
* check which genes are in the gene sets.
* only take gene sets with size >= 5.
* in total 8878 gene sets.
* overlap `gr` to every extended TSS.
* perform binomial test for each biological term.
* TSS source: TxDb.
* extended_tss is already cached, directly use it.
* use GO:BP ontology with 15046 gene sets (source: org.Hs.eg.db).
* check gene ID type in `gene_sets` and in `extended_tss`.
* use self-defined background regions.
* remove excluded regions from background.
* overlap `gr` to background regions (based on midpoint).
* in total 500 `gr`.
* overlap extended TSS to background regions.
* check which genes are in the gene sets.
* only take gene sets with size >= 5.
* in total 8878 gene sets.
* overlap `gr` to every extended TSS.
* perform binomial test for each biological term.
* TSS source: TxDb.
* extended_tss is already cached, directly use it.
* use GO:BP ontology with 15046 gene sets (source: org.Hs.eg.db).
* check gene ID type in `gene_sets` and in `extended_tss`.
* use self-defined background regions.
* remove excluded regions from background.
* overlap `gr` to background regions (based on midpoint).
* in total 500 `gr`.
* overlap extended TSS to background regions.
* check which genes are in the gene sets.
* only take gene sets with size >= 5.
* in total 8878 gene sets.
* overlap `gr` to every extended TSS.
* perform binomial test for each biological term.
* TSS source: TxDb.
* extended_tss is already cached, directly use it.
* use GO:BP ontology with 15046 gene sets (source: org.Hs.eg.db).
* check gene ID type in `gene_sets` and in `extended_tss`.
* use self-defined background regions.
* remove excluded regions from background.
* overlap `gr` to background regions (based on midpoint).
* in total 500 `gr`.
* overlap extended TSS to background regions.
* check which genes are in the gene sets.
* only take gene sets with size >= 5.
* in total 8770 gene sets.
* overlap `gr` to every extended TSS.
* perform binomial test for each biological term.
* TSS source: TxDb.
* extended_tss is already cached, directly use it.
* use GO:BP ontology with 15046 gene sets (source: org.Hs.eg.db).
* check gene ID type in `gene_sets` and in `extended_tss`.
* use self-defined background regions.
* remove excluded regions from background.
* overlap `gr` to background regions (based on midpoint).
* in total 500 `gr`.
* overlap extended TSS to background regions.
* check which genes are in the gene sets.
* only take gene sets with size >= 5.
* in total 8770 gene sets.
* overlap `gr` to every extended TSS.
* perform binomial test for each biological term.
* TSS source: TxDb.
* extended_tss is already cached, directly use it.
* use GO:BP ontology with 15046 gene sets (source: org.Hs.eg.db).
* check gene ID type in `gene_sets` and in `extended_tss`.
* use self-defined background regions.
* remove excluded regions from background.
* overlap `gr` to background regions (based on midpoint).
* in total 500 `gr`.
* overlap extended TSS to background regions.
* check which genes are in the gene sets.
* only take gene sets with size >= 5.
* in total 8770 gene sets.
* overlap `gr` to every extended TSS.
* perform binomial test for each biological term.
* TSS source: TxDb.
* extended_tss is already cached, directly use it.
* use GO:BP ontology with 15046 gene sets (source: org.Hs.eg.db).
* check gene ID type in `gene_sets` and in `extended_tss`.
* use self-defined background regions.
* remove excluded regions from background.
* overlap `gr` to background regions (based on midpoint).
* in total 500 `gr`.
* overlap extended TSS to background regions.
* check which genes are in the gene sets.
* only take gene sets with size >= 5.
* in total 8770 gene sets.
* overlap `gr` to every extended TSS.
* perform binomial test for each biological term.
* TSS source: TxDb.
* extended_tss is already cached, directly use it.
* use GO:BP ontology with 15046 gene sets (source: org.Hs.eg.db).
* check gene ID type in `gene_sets` and in `extended_tss`.
* use self-defined background regions.
* remove excluded regions from background.
* overlap `gr` to background regions (based on midpoint).
* in total 500 `gr`.
* overlap extended TSS to background regions.
* check which genes are in the gene sets.
* only take gene sets with size >= 5.
* in total 8878 gene sets.
* overlap `gr` to every extended TSS.
* perform binomial test for each biological term.
* TSS source: TxDb.
* extended_tss is already cached, directly use it.
* use GO:BP ontology with 15046 gene sets (source: org.Hs.eg.db).
* check gene ID type in `gene_sets` and in `extended_tss`.
* use self-defined background regions.
* remove excluded regions from background.
* overlap `gr` to background regions (based on midpoint).
* in total 500 `gr`.
* overlap extended TSS to background regions.
* check which genes are in the gene sets.
* only take gene sets with size >= 5.
* in total 8878 gene sets.
* overlap `gr` to every extended TSS.
* perform binomial test for each biological term.
* TSS source: TxDb.
* extended_tss is already cached, directly use it.
* use GO:BP ontology with 15046 gene sets (source: org.Hs.eg.db).
* check gene ID type in `gene_sets` and in `extended_tss`.
* use self-defined background regions.
* remove excluded regions from background.
* overlap `gr` to background regions (based on midpoint).
* in total 500 `gr`.
* overlap extended TSS to background regions.
* check which genes are in the gene sets.
* only take gene sets with size >= 5.
* in total 8878 gene sets.
* overlap `gr` to every extended TSS.
* perform binomial test for each biological term.
* TSS source: TxDb.
* extended_tss is already cached, directly use it.
* use GO:BP ontology with 15046 gene sets (source: org.Hs.eg.db).
* check gene ID type in `gene_sets` and in `extended_tss`.
* use self-defined background regions.
* remove excluded regions from background.
* overlap `gr` to background regions (based on midpoint).
* in total 500 `gr`.
* overlap extended TSS to background regions.
* check which genes are in the gene sets.
* only take gene sets with size >= 5.
* in total 8878 gene sets.
* overlap `gr` to every extended TSS.
* perform binomial test for each biological term.
* TSS source: TxDb.
* extended_tss is already cached, directly use it.
* use GO:BP ontology with 15046 gene sets (source: org.Hs.eg.db).
* check gene ID type in `gene_sets` and in `extended_tss`.
* use self-defined background regions.
* remove excluded regions from background.
* overlap `gr` to background regions (based on midpoint).
* in total 500 `gr`.
* overlap extended TSS to background regions.
* check which genes are in the gene sets.
* only take gene sets with size >= 5.
* in total 8878 gene sets.
* overlap `gr` to every extended TSS.
* perform binomial test for each biological term.
* TSS source: TxDb.
* extended_tss is already cached, directly use it.
* use GO:BP ontology with 15046 gene sets (source: org.Hs.eg.db).
* check gene ID type in `gene_sets` and in `extended_tss`.
* use self-defined background regions.
* remove excluded regions from background.
* overlap `gr` to background regions (based on midpoint).
* in total 500 `gr`.
* overlap extended TSS to background regions.
* check which genes are in the gene sets.
* only take gene sets with size >= 5.
* in total 8878 gene sets.
* overlap `gr` to every extended TSS.
* perform binomial test for each biological term.
* TSS source: TxDb.
* extended_tss is already cached, directly use it.
* use GO:BP ontology with 15046 gene sets (source: org.Hs.eg.db).
* check gene ID type in `gene_sets` and in `extended_tss`.
* use self-defined background regions.
* remove excluded regions from background.
* overlap `gr` to background regions (based on midpoint).
* in total 500 `gr`.
* overlap extended TSS to background regions.
* check which genes are in the gene sets.
* only take gene sets with size >= 5.
* in total 8878 gene sets.
* overlap `gr` to every extended TSS.
* perform binomial test for each biological term.
* TSS source: TxDb.
* extended_tss is already cached, directly use it.
* use GO:BP ontology with 15046 gene sets (source: org.Hs.eg.db).
* check gene ID type in `gene_sets` and in `extended_tss`.
* use self-defined background regions.
* remove excluded regions from background.
* overlap `gr` to background regions (based on midpoint).
* in total 500 `gr`.
* overlap extended TSS to background regions.
* check which genes are in the gene sets.
* only take gene sets with size >= 5.
* in total 8878 gene sets.
* overlap `gr` to every extended TSS.
* perform binomial test for each biological term.
* TSS source: TxDb.
* extended_tss is already cached, directly use it.
* use GO:BP ontology with 15046 gene sets (source: org.Hs.eg.db).
* check gene ID type in `gene_sets` and in `extended_tss`.
* use self-defined background regions.
* remove excluded regions from background.
* overlap `gr` to background regions (based on midpoint).
* in total 500 `gr`.
* overlap extended TSS to background regions.
* check which genes are in the gene sets.
* only take gene sets with size >= 5.
* in total 8878 gene sets.
* overlap `gr` to every extended TSS.
* perform binomial test for each biological term.
* TSS source: TxDb.
* extended_tss is already cached, directly use it.
* use GO:BP ontology with 15046 gene sets (source: org.Hs.eg.db).
* check gene ID type in `gene_sets` and in `extended_tss`.
* use self-defined background regions.
* remove excluded regions from background.
* overlap `gr` to background regions (based on midpoint).
* in total 500 `gr`.
* overlap extended TSS to background regions.
* check which genes are in the gene sets.
* only take gene sets with size >= 5.
* in total 8878 gene sets.
* overlap `gr` to every extended TSS.
* perform binomial test for each biological term.
* TSS source: TxDb.
* extended_tss is already cached, directly use it.
* use GO:BP ontology with 15046 gene sets (source: org.Hs.eg.db).
* check gene ID type in `gene_sets` and in `extended_tss`.
* use self-defined background regions.
* remove excluded regions from background.
* overlap `gr` to background regions (based on midpoint).
* in total 500 `gr`.
* overlap extended TSS to background regions.
* check which genes are in the gene sets.
* only take gene sets with size >= 5.
* in total 8878 gene sets.
* overlap `gr` to every extended TSS.
* perform binomial test for each biological term.
* TSS source: TxDb.
* extended_tss is already cached, directly use it.
* use GO:BP ontology with 15046 gene sets (source: org.Hs.eg.db).
* check gene ID type in `gene_sets` and in `extended_tss`.
* use self-defined background regions.
* remove excluded regions from background.
* overlap `gr` to background regions (based on midpoint).
* in total 500 `gr`.
* overlap extended TSS to background regions.
* check which genes are in the gene sets.
* only take gene sets with size >= 5.
* in total 8878 gene sets.
* overlap `gr` to every extended TSS.
* perform binomial test for each biological term.
* TSS source: TxDb.
* extended_tss is already cached, directly use it.
* use GO:BP ontology with 15046 gene sets (source: org.Hs.eg.db).
* check gene ID type in `gene_sets` and in `extended_tss`.
* use self-defined background regions.
* remove excluded regions from background.
* overlap `gr` to background regions (based on midpoint).
* in total 500 `gr`.
* overlap extended TSS to background regions.
* check which genes are in the gene sets.
* only take gene sets with size >= 5.
* in total 8770 gene sets.
* overlap `gr` to every extended TSS.
* perform binomial test for each biological term.
* TSS source: TxDb.
* extended_tss is already cached, directly use it.
* use GO:BP ontology with 15046 gene sets (source: org.Hs.eg.db).
* check gene ID type in `gene_sets` and in `extended_tss`.
* use self-defined background regions.
* remove excluded regions from background.
* overlap `gr` to background regions (based on midpoint).
* in total 500 `gr`.
* overlap extended TSS to background regions.
* check which genes are in the gene sets.
* only take gene sets with size >= 5.
* in total 8770 gene sets.
* overlap `gr` to every extended TSS.
* perform binomial test for each biological term.
* TSS source: TxDb.
* extended_tss is already cached, directly use it.
* use GO:BP ontology with 15046 gene sets (source: org.Hs.eg.db).
* check gene ID type in `gene_sets` and in `extended_tss`.
* use self-defined background regions.
* remove excluded regions from background.
* overlap `gr` to background regions (based on midpoint).
* in total 500 `gr`.
* overlap extended TSS to background regions.
* check which genes are in the gene sets.
* only take gene sets with size >= 5.
* in total 8770 gene sets.
* overlap `gr` to every extended TSS.
* perform binomial test for each biological term.
* TSS source: TxDb.
* extended_tss is already cached, directly use it.
* use GO:BP ontology with 15046 gene sets (source: org.Hs.eg.db).
* check gene ID type in `gene_sets` and in `extended_tss`.
* use self-defined background regions.
* remove excluded regions from background.
* overlap `gr` to background regions (based on midpoint).
* in total 500 `gr`.
* overlap extended TSS to background regions.
* check which genes are in the gene sets.
* only take gene sets with size >= 5.
* in total 8770 gene sets.
* overlap `gr` to every extended TSS.
* perform binomial test for each biological term.
* TSS source: TxDb.
* extended_tss is already cached, directly use it.
* use GO:BP ontology with 15046 gene sets (source: org.Hs.eg.db).
* check gene ID type in `gene_sets` and in `extended_tss`.
* use self-defined background regions.
* remove excluded regions from background.
* overlap `gr` to background regions (based on midpoint).
* in total 500 `gr`.
* overlap extended TSS to background regions.
* check which genes are in the gene sets.
* only take gene sets with size >= 5.
* in total 8878 gene sets.
* overlap `gr` to every extended TSS.
* perform binomial test for each biological term.
* TSS source: TxDb.
* extended_tss is already cached, directly use it.
* use GO:BP ontology with 15046 gene sets (source: org.Hs.eg.db).
* check gene ID type in `gene_sets` and in `extended_tss`.
* use self-defined background regions.
* remove excluded regions from background.
* overlap `gr` to background regions (based on midpoint).
* in total 500 `gr`.
* overlap extended TSS to background regions.
* check which genes are in the gene sets.
* only take gene sets with size >= 5.
* in total 8878 gene sets.
* overlap `gr` to every extended TSS.
* perform binomial test for each biological term.
* TSS source: TxDb.
* extended_tss is already cached, directly use it.
* use GO:BP ontology with 15046 gene sets (source: org.Hs.eg.db).
* check gene ID type in `gene_sets` and in `extended_tss`.
* use self-defined background regions.
* remove excluded regions from background.
* overlap `gr` to background regions (based on midpoint).
* in total 500 `gr`.
* overlap extended TSS to background regions.
* check which genes are in the gene sets.
* only take gene sets with size >= 5.
* in total 8878 gene sets.
* overlap `gr` to every extended TSS.
* perform binomial test for each biological term.
* TSS source: TxDb.
* extended_tss is already cached, directly use it.
* use GO:BP ontology with 15046 gene sets (source: org.Hs.eg.db).
* check gene ID type in `gene_sets` and in `extended_tss`.
* use self-defined background regions.
* remove excluded regions from background.
* overlap `gr` to background regions (based on midpoint).
* in total 500 `gr`.
* overlap extended TSS to background regions.
* check which genes are in the gene sets.
* only take gene sets with size >= 5.
* in total 8878 gene sets.
* overlap `gr` to every extended TSS.
* perform binomial test for each biological term.
* TSS source: TxDb.
* extended_tss is already cached, directly use it.
* use GO:BP ontology with 15046 gene sets (source: org.Hs.eg.db).
* check gene ID type in `gene_sets` and in `extended_tss`.
* use self-defined background regions.
* remove excluded regions from background.
* overlap `gr` to background regions (based on midpoint).
* in total 500 `gr`.
* overlap extended TSS to background regions.
* check which genes are in the gene sets.
* only take gene sets with size >= 5.
* in total 8878 gene sets.
* overlap `gr` to every extended TSS.
* perform binomial test for each biological term.
* TSS source: TxDb.
* extended_tss is already cached, directly use it.
* use GO:BP ontology with 15046 gene sets (source: org.Hs.eg.db).
* check gene ID type in `gene_sets` and in `extended_tss`.
* use self-defined background regions.
* remove excluded regions from background.
* overlap `gr` to background regions (based on midpoint).
* in total 500 `gr`.
* overlap extended TSS to background regions.
* check which genes are in the gene sets.
* only take gene sets with size >= 5.
* in total 8878 gene sets.
* overlap `gr` to every extended TSS.
* perform binomial test for each biological term.
* TSS source: TxDb.
* extended_tss is already cached, directly use it.
* use GO:BP ontology with 15046 gene sets (source: org.Hs.eg.db).
* check gene ID type in `gene_sets` and in `extended_tss`.
* use self-defined background regions.
* remove excluded regions from background.
* overlap `gr` to background regions (based on midpoint).
* in total 500 `gr`.
* overlap extended TSS to background regions.
* check which genes are in the gene sets.
* only take gene sets with size >= 5.
* in total 8770 gene sets.
* overlap `gr` to every extended TSS.
* perform binomial test for each biological term.
* TSS source: TxDb.
* extended_tss is already cached, directly use it.
* use GO:BP ontology with 15046 gene sets (source: org.Hs.eg.db).
* check gene ID type in `gene_sets` and in `extended_tss`.
* use self-defined background regions.
* remove excluded regions from background.
* overlap `gr` to background regions (based on midpoint).
* in total 500 `gr`.
* overlap extended TSS to background regions.
* check which genes are in the gene sets.
* only take gene sets with size >= 5.
* in total 8770 gene sets.
* overlap `gr` to every extended TSS.
* perform binomial test for each biological term.
* TSS source: TxDb.
* extended_tss is already cached, directly use it.
* use GO:BP ontology with 15046 gene sets (source: org.Hs.eg.db).
* check gene ID type in `gene_sets` and in `extended_tss`.
* use self-defined background regions.
* remove excluded regions from background.
* overlap `gr` to background regions (based on midpoint).
* in total 500 `gr`.
* overlap extended TSS to background regions.
* check which genes are in the gene sets.
* only take gene sets with size >= 5.
* in total 8878 gene sets.
* overlap `gr` to every extended TSS.
* perform binomial test for each biological term.
* TSS source: TxDb.
* extended_tss is already cached, directly use it.
* use GO:BP ontology with 15046 gene sets (source: org.Hs.eg.db).
* check gene ID type in `gene_sets` and in `extended_tss`.
* use self-defined background regions.
* remove excluded regions from background.
* overlap `gr` to background regions (based on midpoint).
* in total 500 `gr`.
* overlap extended TSS to background regions.
* check which genes are in the gene sets.
* only take gene sets with size >= 5.
* in total 8878 gene sets.
* overlap `gr` to every extended TSS.
* perform binomial test for each biological term.
* TSS source: TxDb.
* extended_tss is already cached, directly use it.
* use GO:BP ontology with 15046 gene sets (source: org.Hs.eg.db).
* check gene ID type in `gene_sets` and in `extended_tss`.
* use self-defined background regions.
* remove excluded regions from background.
* overlap `gr` to background regions (based on midpoint).
* in total 500 `gr`.
* overlap extended TSS to background regions.
* check which genes are in the gene sets.
* only take gene sets with size >= 5.
* in total 8878 gene sets.
* overlap `gr` to every extended TSS.
* perform binomial test for each biological term.
* TSS source: TxDb.
* extended_tss is already cached, directly use it.
* use GO:BP ontology with 15046 gene sets (source: org.Hs.eg.db).
* check gene ID type in `gene_sets` and in `extended_tss`.
* use self-defined background regions.
* remove excluded regions from background.
* overlap `gr` to background regions (based on midpoint).
* in total 500 `gr`.
* overlap extended TSS to background regions.
* check which genes are in the gene sets.
* only take gene sets with size >= 5.
* in total 8878 gene sets.
* overlap `gr` to every extended TSS.
* perform binomial test for each biological term.
* TSS source: TxDb.
* extended_tss is already cached, directly use it.
* use GO:BP ontology with 15046 gene sets (source: org.Hs.eg.db).
* check gene ID type in `gene_sets` and in `extended_tss`.
* use self-defined background regions.
* remove excluded regions from background.
* overlap `gr` to background regions (based on midpoint).
* in total 500 `gr`.
* overlap extended TSS to background regions.
* check which genes are in the gene sets.
* only take gene sets with size >= 5.
* in total 8878 gene sets.
* overlap `gr` to every extended TSS.
* perform binomial test for each biological term.
* TSS source: TxDb.
* extended_tss is already cached, directly use it.
* use GO:BP ontology with 15046 gene sets (source: org.Hs.eg.db).
* check gene ID type in `gene_sets` and in `extended_tss`.
* use self-defined background regions.
* remove excluded regions from background.
* overlap `gr` to background regions (based on midpoint).
* in total 500 `gr`.
* overlap extended TSS to background regions.
* check which genes are in the gene sets.
* only take gene sets with size >= 5.
* in total 8878 gene sets.
* overlap `gr` to every extended TSS.
* perform binomial test for each biological term.
* TSS source: TxDb.
* extended_tss is already cached, directly use it.
* use GO:BP ontology with 15046 gene sets (source: org.Hs.eg.db).
* check gene ID type in `gene_sets` and in `extended_tss`.
* use self-defined background regions.
* remove excluded regions from background.
* overlap `gr` to background regions (based on midpoint).
* in total 500 `gr`.
* overlap extended TSS to background regions.
* check which genes are in the gene sets.
* only take gene sets with size >= 5.
* in total 8770 gene sets.
* overlap `gr` to every extended TSS.
* perform binomial test for each biological term.
* TSS source: TxDb.
* extended_tss is already cached, directly use it.
* use GO:BP ontology with 15046 gene sets (source: org.Hs.eg.db).
* check gene ID type in `gene_sets` and in `extended_tss`.
* use self-defined background regions.
* remove excluded regions from background.
* overlap `gr` to background regions (based on midpoint).
* in total 500 `gr`.
* overlap extended TSS to background regions.
* check which genes are in the gene sets.
* only take gene sets with size >= 5.
* in total 8770 gene sets.
* overlap `gr` to every extended TSS.
* perform binomial test for each biological term.
* TSS source: TxDb.
* extended_tss is already cached, directly use it.
* use GO:BP ontology with 15046 gene sets (source: org.Hs.eg.db).
* check gene ID type in `gene_sets` and in `extended_tss`.
* use self-defined background regions.
* remove excluded regions from background.
* overlap `gr` to background regions (based on midpoint).
* in total 500 `gr`.
* overlap extended TSS to background regions.
* check which genes are in the gene sets.
* only take gene sets with size >= 5.
* in total 8878 gene sets.
* overlap `gr` to every extended TSS.
* perform binomial test for each biological term.
* TSS source: TxDb.
* extended_tss is already cached, directly use it.
* use GO:BP ontology with 15046 gene sets (source: org.Hs.eg.db).
* check gene ID type in `gene_sets` and in `extended_tss`.
* use self-defined background regions.
* remove excluded regions from background.
* overlap `gr` to background regions (based on midpoint).
* in total 500 `gr`.
* overlap extended TSS to background regions.
* check which genes are in the gene sets.
* only take gene sets with size >= 5.
* in total 8878 gene sets.
* overlap `gr` to every extended TSS.
* perform binomial test for each biological term.
* TSS source: TxDb.
* extended_tss is already cached, directly use it.
* use GO:BP ontology with 15046 gene sets (source: org.Hs.eg.db).
* check gene ID type in `gene_sets` and in `extended_tss`.
* use self-defined background regions.
* remove excluded regions from background.
* overlap `gr` to background regions (based on midpoint).
* in total 500 `gr`.
* overlap extended TSS to background regions.
* check which genes are in the gene sets.
* only take gene sets with size >= 5.
* in total 8878 gene sets.
* overlap `gr` to every extended TSS.
* perform binomial test for each biological term.
* TSS source: TxDb.
* extended_tss is already cached, directly use it.
* use GO:BP ontology with 15046 gene sets (source: org.Hs.eg.db).
* check gene ID type in `gene_sets` and in `extended_tss`.
* use self-defined background regions.
* remove excluded regions from background.
* overlap `gr` to background regions (based on midpoint).
* in total 500 `gr`.
* overlap extended TSS to background regions.
* check which genes are in the gene sets.
* only take gene sets with size >= 5.
* in total 8878 gene sets.
* overlap `gr` to every extended TSS.
* perform binomial test for each biological term.
* TSS source: TxDb.
* extended_tss is already cached, directly use it.
* use GO:BP ontology with 15046 gene sets (source: org.Hs.eg.db).
* check gene ID type in `gene_sets` and in `extended_tss`.
* use self-defined background regions.
* remove excluded regions from background.
* overlap `gr` to background regions (based on midpoint).
* in total 500 `gr`.
* overlap extended TSS to background regions.
* check which genes are in the gene sets.
* only take gene sets with size >= 5.
* in total 8878 gene sets.
* overlap `gr` to every extended TSS.
* perform binomial test for each biological term.
* TSS source: TxDb.
* extended_tss is already cached, directly use it.
* use GO:BP ontology with 15046 gene sets (source: org.Hs.eg.db).
* check gene ID type in `gene_sets` and in `extended_tss`.
* use self-defined background regions.
* remove excluded regions from background.
* overlap `gr` to background regions (based on midpoint).
* in total 500 `gr`.
* overlap extended TSS to background regions.
* check which genes are in the gene sets.
* only take gene sets with size >= 5.
* in total 8878 gene sets.
* overlap `gr` to every extended TSS.
* perform binomial test for each biological term.
* TSS source: TxDb.
* extended_tss is already cached, directly use it.
* use GO:BP ontology with 15046 gene sets (source: org.Hs.eg.db).
* check gene ID type in `gene_sets` and in `extended_tss`.
* use self-defined background regions.
* remove excluded regions from background.
* overlap `gr` to background regions (based on midpoint).
* in total 500 `gr`.
* overlap extended TSS to background regions.
* check which genes are in the gene sets.
* only take gene sets with size >= 5.
* in total 8770 gene sets.
* overlap `gr` to every extended TSS.
* perform binomial test for each biological term.
* TSS source: TxDb.
* extended_tss is already cached, directly use it.
* use GO:BP ontology with 15046 gene sets (source: org.Hs.eg.db).
* check gene ID type in `gene_sets` and in `extended_tss`.
* use self-defined background regions.
* remove excluded regions from background.
* overlap `gr` to background regions (based on midpoint).
* in total 500 `gr`.
* overlap extended TSS to background regions.
* check which genes are in the gene sets.
* only take gene sets with size >= 5.
* in total 8770 gene sets.
* overlap `gr` to every extended TSS.
* perform binomial test for each biological term.
* TSS source: TxDb.
* extended_tss is already cached, directly use it.
* use GO:BP ontology with 15046 gene sets (source: org.Hs.eg.db).
* check gene ID type in `gene_sets` and in `extended_tss`.
* use self-defined background regions.
* remove excluded regions from background.
* overlap `gr` to background regions (based on midpoint).
* in total 500 `gr`.
* overlap extended TSS to background regions.
* check which genes are in the gene sets.
* only take gene sets with size >= 5.
* in total 8878 gene sets.
* overlap `gr` to every extended TSS.
* perform binomial test for each biological term.
* TSS source: TxDb.
* extended_tss is already cached, directly use it.
* use GO:BP ontology with 15046 gene sets (source: org.Hs.eg.db).
* check gene ID type in `gene_sets` and in `extended_tss`.
* use self-defined background regions.
* remove excluded regions from background.
* overlap `gr` to background regions (based on midpoint).
* in total 500 `gr`.
* overlap extended TSS to background regions.
* check which genes are in the gene sets.
* only take gene sets with size >= 5.
* in total 8878 gene sets.
* overlap `gr` to every extended TSS.
* perform binomial test for each biological term.
* TSS source: TxDb.
* extended_tss is already cached, directly use it.
* use GO:BP ontology with 15046 gene sets (source: org.Hs.eg.db).
* check gene ID type in `gene_sets` and in `extended_tss`.
* use self-defined background regions.
* remove excluded regions from background.
* overlap `gr` to background regions (based on midpoint).
* in total 500 `gr`.
* overlap extended TSS to background regions.
* check which genes are in the gene sets.
* only take gene sets with size >= 5.
* in total 8878 gene sets.
* overlap `gr` to every extended TSS.
* perform binomial test for each biological term.
* TSS source: TxDb.
* extended_tss is already cached, directly use it.
* use GO:BP ontology with 15046 gene sets (source: org.Hs.eg.db).
* check gene ID type in `gene_sets` and in `extended_tss`.
* use self-defined background regions.
* remove excluded regions from background.
* overlap `gr` to background regions (based on midpoint).
* in total 500 `gr`.
* overlap extended TSS to background regions.
* check which genes are in the gene sets.
* only take gene sets with size >= 5.
* in total 8878 gene sets.
* overlap `gr` to every extended TSS.
* perform binomial test for each biological term.
* TSS source: TxDb.
* extended_tss is already cached, directly use it.
* use GO:BP ontology with 15046 gene sets (source: org.Hs.eg.db).
* check gene ID type in `gene_sets` and in `extended_tss`.
* use self-defined background regions.
* remove excluded regions from background.
* overlap `gr` to background regions (based on midpoint).
* in total 500 `gr`.
* overlap extended TSS to background regions.
* check which genes are in the gene sets.
* only take gene sets with size >= 5.
* in total 8878 gene sets.
* overlap `gr` to every extended TSS.
* perform binomial test for each biological term.
* TSS source: TxDb.
* extended_tss is already cached, directly use it.
* use GO:BP ontology with 15046 gene sets (source: org.Hs.eg.db).
* check gene ID type in `gene_sets` and in `extended_tss`.
* use self-defined background regions.
* remove excluded regions from background.
* overlap `gr` to background regions (based on midpoint).
* in total 500 `gr`.
* overlap extended TSS to background regions.
* check which genes are in the gene sets.
* only take gene sets with size >= 5.
* in total 8878 gene sets.
* overlap `gr` to every extended TSS.
* perform binomial test for each biological term.
Error: unexpected '}' in "}"
Execution halted
